../Drivers/CMSIS/Include/core_cm7.h:2491:22:SCB_CleanDCache_by_Addr	2
../Core/Src/main.c:99:5:main	2
../Core/Src/main.c:155:6:SystemClock_Config	4
../Core/Src/main.c:193:13:MX_CRC_Init	2
../Core/Src/main.c:224:13:MX_SPI1_Init	2
../Core/Src/main.c:264:13:MX_USART2_UART_Init	2
../Core/Src/main.c:297:13:MX_DMA_Init	1
../Core/Src/main.c:325:13:MX_GPIO_Init	1
../Core/Src/main.c:442:6:Send_SPI_Bridge_Frame	6
../Core/Src/main.c:487:6:HAL_SPI_TxCpltCallback	3
../Core/Src/main.c:497:6:HAL_UART_RxCpltCallback	2
../Core/Src/main.c:514:6:Enable_NonCacheable_Regions	1
../Core/Src/main.c:542:6:Error_Handler	1
