Archive member included to satisfy reference by file (symbol)

C:/ST/STM32CubeIDE_1.16.1/STM32CubeIDE/plugins/com.st.stm32cube.ide.mcu.externaltools.gnu-tools-for-stm32.12.3.rel1.win32_1.0.200.202406191623/tools/bin/../lib/gcc/arm-none-eabi/12.3.1/../../../../arm-none-eabi/lib/thumb/v7e-m+dp/hard\libc_nano.a(libc_a-exit.o)
                              C:/ST/STM32CubeIDE_1.16.1/STM32CubeIDE/plugins/com.st.stm32cube.ide.mcu.externaltools.gnu-tools-for-stm32.12.3.rel1.win32_1.0.200.202406191623/tools/bin/../lib/gcc/arm-none-eabi/12.3.1/../../../../arm-none-eabi/lib/thumb/v7e-m+dp/hard/crt0.o (exit)
C:/ST/STM32CubeIDE_1.16.1/STM32CubeIDE/plugins/com.st.stm32cube.ide.mcu.externaltools.gnu-tools-for-stm32.12.3.rel1.win32_1.0.200.202406191623/tools/bin/../lib/gcc/arm-none-eabi/12.3.1/../../../../arm-none-eabi/lib/thumb/v7e-m+dp/hard\libc_nano.a(libc_a-findfp.o)
                              C:/ST/STM32CubeIDE_1.16.1/STM32CubeIDE/plugins/com.st.stm32cube.ide.mcu.externaltools.gnu-tools-for-stm32.12.3.rel1.win32_1.0.200.202406191623/tools/bin/../lib/gcc/arm-none-eabi/12.3.1/../../../../arm-none-eabi/lib/thumb/v7e-m+dp/hard\libc_nano.a(libc_a-exit.o) (__stdio_exit_handler)
C:/ST/STM32CubeIDE_1.16.1/STM32CubeIDE/plugins/com.st.stm32cube.ide.mcu.externaltools.gnu-tools-for-stm32.12.3.rel1.win32_1.0.200.202406191623/tools/bin/../lib/gcc/arm-none-eabi/12.3.1/../../../../arm-none-eabi/lib/thumb/v7e-m+dp/hard\libc_nano.a(libc_a-fwalk.o)
                              C:/ST/STM32CubeIDE_1.16.1/STM32CubeIDE/plugins/com.st.stm32cube.ide.mcu.externaltools.gnu-tools-for-stm32.12.3.rel1.win32_1.0.200.202406191623/tools/bin/../lib/gcc/arm-none-eabi/12.3.1/../../../../arm-none-eabi/lib/thumb/v7e-m+dp/hard\libc_nano.a(libc_a-findfp.o) (_fwalk_sglue)
C:/ST/STM32CubeIDE_1.16.1/STM32CubeIDE/plugins/com.st.stm32cube.ide.mcu.externaltools.gnu-tools-for-stm32.12.3.rel1.win32_1.0.200.202406191623/tools/bin/../lib/gcc/arm-none-eabi/12.3.1/../../../../arm-none-eabi/lib/thumb/v7e-m+dp/hard\libc_nano.a(libc_a-stdio.o)
                              C:/ST/STM32CubeIDE_1.16.1/STM32CubeIDE/plugins/com.st.stm32cube.ide.mcu.externaltools.gnu-tools-for-stm32.12.3.rel1.win32_1.0.200.202406191623/tools/bin/../lib/gcc/arm-none-eabi/12.3.1/../../../../arm-none-eabi/lib/thumb/v7e-m+dp/hard\libc_nano.a(libc_a-findfp.o) (__sread)
C:/ST/STM32CubeIDE_1.16.1/STM32CubeIDE/plugins/com.st.stm32cube.ide.mcu.externaltools.gnu-tools-for-stm32.12.3.rel1.win32_1.0.200.202406191623/tools/bin/../lib/gcc/arm-none-eabi/12.3.1/../../../../arm-none-eabi/lib/thumb/v7e-m+dp/hard\libc_nano.a(libc_a-memset.o)
                              C:/ST/STM32CubeIDE_1.16.1/STM32CubeIDE/plugins/com.st.stm32cube.ide.mcu.externaltools.gnu-tools-for-stm32.12.3.rel1.win32_1.0.200.202406191623/tools/bin/../lib/gcc/arm-none-eabi/12.3.1/../../../../arm-none-eabi/lib/thumb/v7e-m+dp/hard/crt0.o (memset)
C:/ST/STM32CubeIDE_1.16.1/STM32CubeIDE/plugins/com.st.stm32cube.ide.mcu.externaltools.gnu-tools-for-stm32.12.3.rel1.win32_1.0.200.202406191623/tools/bin/../lib/gcc/arm-none-eabi/12.3.1/../../../../arm-none-eabi/lib/thumb/v7e-m+dp/hard\libc_nano.a(libc_a-closer.o)
                              C:/ST/STM32CubeIDE_1.16.1/STM32CubeIDE/plugins/com.st.stm32cube.ide.mcu.externaltools.gnu-tools-for-stm32.12.3.rel1.win32_1.0.200.202406191623/tools/bin/../lib/gcc/arm-none-eabi/12.3.1/../../../../arm-none-eabi/lib/thumb/v7e-m+dp/hard\libc_nano.a(libc_a-stdio.o) (_close_r)
C:/ST/STM32CubeIDE_1.16.1/STM32CubeIDE/plugins/com.st.stm32cube.ide.mcu.externaltools.gnu-tools-for-stm32.12.3.rel1.win32_1.0.200.202406191623/tools/bin/../lib/gcc/arm-none-eabi/12.3.1/../../../../arm-none-eabi/lib/thumb/v7e-m+dp/hard\libc_nano.a(libc_a-reent.o)
                              C:/ST/STM32CubeIDE_1.16.1/STM32CubeIDE/plugins/com.st.stm32cube.ide.mcu.externaltools.gnu-tools-for-stm32.12.3.rel1.win32_1.0.200.202406191623/tools/bin/../lib/gcc/arm-none-eabi/12.3.1/../../../../arm-none-eabi/lib/thumb/v7e-m+dp/hard\libc_nano.a(libc_a-closer.o) (errno)
C:/ST/STM32CubeIDE_1.16.1/STM32CubeIDE/plugins/com.st.stm32cube.ide.mcu.externaltools.gnu-tools-for-stm32.12.3.rel1.win32_1.0.200.202406191623/tools/bin/../lib/gcc/arm-none-eabi/12.3.1/../../../../arm-none-eabi/lib/thumb/v7e-m+dp/hard\libc_nano.a(libc_a-impure.o)
                              C:/ST/STM32CubeIDE_1.16.1/STM32CubeIDE/plugins/com.st.stm32cube.ide.mcu.externaltools.gnu-tools-for-stm32.12.3.rel1.win32_1.0.200.202406191623/tools/bin/../lib/gcc/arm-none-eabi/12.3.1/../../../../arm-none-eabi/lib/thumb/v7e-m+dp/hard\libc_nano.a(libc_a-reent.o) (_impure_ptr)
C:/ST/STM32CubeIDE_1.16.1/STM32CubeIDE/plugins/com.st.stm32cube.ide.mcu.externaltools.gnu-tools-for-stm32.12.3.rel1.win32_1.0.200.202406191623/tools/bin/../lib/gcc/arm-none-eabi/12.3.1/../../../../arm-none-eabi/lib/thumb/v7e-m+dp/hard\libc_nano.a(libc_a-lseekr.o)
[...]
Memory Configuration

Name             Origin             Length             Attributes
RAM              0x20000000         0x00080000         xrw
FLASH            0x08000000         0x00200000         xr
*default*        0x00000000         0xffffffff

Linker script and memory map

LOAD C:/ST/STM32CubeIDE_1.16.1/STM32CubeIDE/plugins/com.st.stm32cube.ide.mcu.externaltools.gnu-tools-for-stm32.12.3.rel1.win32_1.0.200.202406191623/tools/bin/../lib/gcc/arm-none-eabi/12.3.1/thumb/v7e-m+dp/hard/crti.o
LOAD C:/ST/STM32CubeIDE_1.16.1/STM32CubeIDE/plugins/com.st.stm32cube.ide.mcu.externaltools.gnu-tools-for-stm32.12.3.rel1.win32_1.0.200.202406191623/tools/bin/../lib/gcc/arm-none-eabi/12.3.1/thumb/v7e-m+dp/hard/crtbegin.o
LOAD C:/ST/STM32CubeIDE_1.16.1/STM32CubeIDE/plugins/com.st.stm32cube.ide.mcu.externaltools.gnu-tools-for-stm32.12.3.rel1.win32_1.0.200.202406191623/tools/bin/../lib/gcc/arm-none-eabi/12.3.1/../../../../arm-none-eabi/lib/thumb/v7e-m+dp/hard/crt0.o
LOAD ./Core/Src/main.o
LOAD ./Core/Src/stm32f7xx_hal_msp.o
LOAD ./Core/Src/stm32f7xx_it.o
LOAD ./Core/Src/syscalls.o
LOAD ./Core/Src/sysmem.o
LOAD ./Core/Src/system_stm32f7xx.o
LOAD ./Core/Startup/startup_stm32f767zitx.o
LOAD ./Drivers/STM32F7xx_HAL_Driver/Src/stm32f7xx_hal.o
LOAD ./Drivers/STM32F7xx_HAL_Driver/Src/stm32f7xx_hal_cortex.o
LOAD ./Drivers/STM32F7xx_HAL_Driver/Src/stm32f7xx_hal_crc.o
LOAD ./Drivers/STM32F7xx_HAL_Driver/Src/stm32f7xx_hal_crc_ex.o
LOAD ./Drivers/STM32F7xx_HAL_Driver/Src/stm32f7xx_hal_dma.o
LOAD ./Drivers/STM32F7xx_HAL_Driver/Src/stm32f7xx_hal_dma_ex.o
LOAD ./Drivers/STM32F7xx_HAL_Driver/Src/stm32f7xx_hal_exti.o
LOAD ./Drivers/STM32F7xx_HAL_Driver/Src/stm32f7xx_hal_flash.o
LOAD ./Drivers/STM32F7xx_HAL_Driver/Src/stm32f7xx_hal_flash_ex.o
LOAD ./Drivers/STM32F7xx_HAL_Driver/Src/stm32f7xx_hal_gpio.o
LOAD ./Drivers/STM32F7xx_HAL_Driver/Src/stm32f7xx_hal_i2c.o
LOAD ./Drivers/STM32F7xx_HAL_Driver/Src/stm32f7xx_hal_i2c_ex.o
LOAD ./Drivers/STM32F7xx_HAL_Driver/Src/stm32f7xx_hal_pwr.o
LOAD ./Drivers/STM32F7xx_HAL_Driver/Src/stm32f7xx_hal_pwr_ex.o
LOAD ./Drivers/STM32F7xx_HAL_Driver/Src/stm32f7xx_hal_rcc.o
LOAD ./Drivers/STM32F7xx_HAL_Driver/Src/stm32f7xx_hal_rcc_ex.o
LOAD ./Drivers/STM32F7xx_HAL_Driver/Src/stm32f7xx_hal_spi.o
LOAD ./Drivers/STM32F7xx_HAL_Driver/Src/stm32f7xx_hal_spi_ex.o
LOAD ./Drivers/STM32F7xx_HAL_Driver/Src/stm32f7xx_hal_tim.o
LOAD ./Drivers/STM32F7xx_HAL_Driver/Src/stm32f7xx_hal_tim_ex.o
LOAD ./Drivers/STM32F7xx_HAL_Driver/Src/stm32f7xx_hal_uart.o
LOAD ./Drivers/STM32F7xx_HAL_Driver/Src/stm32f7xx_hal_uart_ex.o
START GROUP
LOAD C:/ST/STM32CubeIDE_1.16.1/STM32CubeIDE/plugins/com.st.stm32cube.ide.mcu.externaltools.gnu-tools-for-stm32.12.3.rel1.win32_1.0.200.202406191623/tools/bin/../lib/gcc/arm-none-eabi/12.3.1/../../../../arm-none-eabi/lib/thumb/v7e-m+dp/hard\libc_nano.a
LOAD C:/ST/STM32CubeIDE_1.16.1/STM32CubeIDE/plugins/com.st.stm32cube.ide.mcu.externaltools.gnu-tools-for-stm32.12.3.rel1.win32_1.0.200.202406191623/tools/bin/../lib/gcc/arm-none-eabi/12.3.1/../../../../arm-none-eabi/lib/thumb/v7e-m+dp/hard\libm.a
END GROUP
START GROUP
LOAD C:/ST/STM32CubeIDE_1.16.1/STM32CubeIDE/plugins/com.st.stm32cube.ide.mcu.externaltools.gnu-tools-for-stm32.12.3.rel1.win32_1.0.200.202406191623/tools/bin/../lib/gcc/arm-none-eabi/12.3.1/thumb/v7e-m+dp/hard\libgcc.a
LOAD C:/ST/STM32CubeIDE_1.16.1/STM32CubeIDE/plugins/com.st.stm32cube.ide.mcu.externaltools.gnu-tools-for-stm32.12.3.rel1.win32_1.0.200.202406191623/tools/bin/../lib/gcc/arm-none-eabi/12.3.1/../../../../arm-none-eabi/lib/thumb/v7e-m+dp/hard\libc_nano.a
END GROUP
START GROUP
LOAD C:/ST/STM32CubeIDE_1.16.1/STM32CubeIDE/plugins/com.st.stm32cube.ide.mcu.externaltools.gnu-tools-for-stm32.12.3.rel1.win32_1.0.200.202406191623/tools/bin/../lib/gcc/arm-none-eabi/12.3.1/thumb/v7e-m+dp/hard\libgcc.a
LOAD C:/ST/STM32CubeIDE_1.16.1/STM32CubeIDE/plugins/com.st.stm32cube.ide.mcu.externaltools.gnu-tools-for-stm32.12.3.rel1.win32_1.0.200.202406191623/tools/bin/../lib/gcc/arm-none-eabi/12.3.1/../../../../arm-none-eabi/lib/thumb/v7e-m+dp/hard\libc_nano.a
LOAD C:/ST/STM32CubeIDE_1.16.1/STM32CubeIDE/plugins/com.st.stm32cube.ide.mcu.externaltools.gnu-tools-for-stm32.12.3.rel1.win32_1.0.200.202406191623/tools/bin/../lib/gcc/arm-none-eabi/12.3.1/../../../../arm-none-eabi/lib/thumb/v7e-m+dp/hard\libnosys.a
END GROUP
START GROUP
LOAD C:/ST/STM32CubeIDE_1.16.1/STM32CubeIDE/plugins/com.st.stm32cube.ide.mcu.externaltools.gnu-tools-for-stm32.12.3.rel1.win32_1.0.200.202406191623/tools/bin/../lib/gcc/arm-none-eabi/12.3.1/thumb/v7e-m+dp/hard\libgcc.a
LOAD C:/ST/STM32CubeIDE_1.16.1/STM32CubeIDE/plugins/com.st.stm32cube.ide.mcu.externaltools.gnu-tools-for-stm32.12.3.rel1.win32_1.0.200.202406191623/tools/bin/../lib/gcc/arm-none-eabi/12.3.1/../../../../arm-none-eabi/lib/thumb/v7e-m+dp/hard\libc_nano.a
LOAD C:/ST/STM32CubeIDE_1.16.1/STM32CubeIDE/plugins/com.st.stm32cube.ide.mcu.externaltools.gnu-tools-for-stm32.12.3.rel1.win32_1.0.200.202406191623/tools/bin/../lib/gcc/arm-none-eabi/12.3.1/../../../../arm-none-eabi/lib/thumb/v7e-m+dp/hard\libnosys.a
END GROUP
LOAD C:/ST/STM32CubeIDE_1.16.1/STM32CubeIDE/plugins/com.st.stm32cube.ide.mcu.externaltools.gnu-tools-for-stm32.12.3.rel1.win32_1.0.200.202406191623/tools/bin/../lib/gcc/arm-none-eabi/12.3.1/thumb/v7e-m+dp/hard/crtend.o
LOAD C:/ST/STM32CubeIDE_1.16.1/STM32CubeIDE/plugins/com.st.stm32cube.ide.mcu.externaltools.gnu-tools-for-stm32.12.3.rel1.win32_1.0.200.202406191623/tools/bin/../lib/gcc/arm-none-eabi/12.3.1/thumb/v7e-m+dp/hard/crtn.o
                0x20080000                        _estack = (ORIGIN (RAM) + LENGTH (RAM))
                0x00000200                        _Min_Heap_Size = 0x200
                0x00000400                        _Min_Stack_Size = 0x400

.isr_vector     0x08000000      0x1f8
                0x08000000                        . = ALIGN (0x4)
 *(.isr_vector)
 .isr_vector    0x08000000      0x1f8 ./Core/Startup/startup_stm32f767zitx.o
                0x08000000                g_pfnVectors
                0x080001f8                        . = ALIGN (0x4)

.text           0x080001f8     0x5c0c
                0x080001f8                        . = ALIGN (0x4)
 *(.text)
 .text          0x080001f8       0x40 C:/ST/STM32CubeIDE_1.16.1/STM32CubeIDE/plugins/com.st.stm32cube.ide.mcu.externaltools.gnu-tools-for-stm32.12.3.rel1.win32_1.0.200.202406191623/tools/bin/../lib/gcc/arm-none-eabi/12.3.1/thumb/v7e-m+dp/hard/crtbegin.o
 .text          0x08000238       0x30 C:/ST/STM32CubeIDE_1.16.1/STM32CubeIDE/plugins/com.st.stm32cube.ide.mcu.externaltools.gnu-tools-for-stm32.12.3.rel1.win32_1.0.200.202406191623/tools/bin/../lib/gcc/arm-none-eabi/12.3.1/thumb/v7e-m+dp/hard\libgcc.a(_aeabi_uldivmod.o)
                0x08000238                __aeabi_uldivmod
 .text          0x08000268      0x2bc C:/ST/STM32CubeIDE_1.16.1/STM32CubeIDE/plugins/com.st.stm32cube.ide.mcu.externaltools.gnu-tools-for-stm32.12.3.rel1.win32_1.0.200.202406191623/tools/bin/../lib/gcc/arm-none-eabi/12.3.1/thumb/v7e-m+dp/hard\libgcc.a(_udivmoddi4.o)
                0x08000268                __udivmoddi4
 .text          0x08000524        0x4 C:/ST/STM32CubeIDE_1.16.1/STM32CubeIDE/plugins/com.st.stm32cube.ide.mcu.externaltools.gnu-tools-for-stm32.12.3.rel1.win32_1.0.200.202406191623/tools/bin/../lib/gcc/arm-none-eabi/12.3.1/thumb/v7e-m+dp/hard\libgcc.a(_dvmd_tls.o)
                0x08000524                __aeabi_idiv0
                0x08000524                __aeabi_ldiv0
 *(.text*)
 .text.SCB_CleanDCache_by_Addr
                0x08000528       0x58 ./Core/Src/main.o
 .text.main     0x08000580       0x8c ./Core/Src/main.o
                0x08000580                main
 .text.SystemClock_Config
                0x0800060c       0xd8 ./Core/Src/main.o
                0x0800060c                SystemClock_Config
 .text.MX_CRC_Init
                0x080006e4       0x44 ./Core/Src/main.o
 .text.MX_SPI1_Init
                0x08000728       0x7c ./Core/Src/main.o
 .text.MX_USART2_UART_Init
                0x080007a4       0x60 ./Core/Src/main.o
 .text.MX_DMA_Init
                0x08000804       0x84 ./Core/Src/main.o
 .text.MX_GPIO_Init
                0x08000888      0x258 ./Core/Src/main.o
 .text.Send_SPI_Bridge_Frame
                0x08000ae0       0xd8 ./Core/Src/main.o
                0x08000ae0                Send_SPI_Bridge_Frame
 .text.HAL_SPI_TxCpltCallback
                0x08000bb8       0x48 ./Core/Src/main.o
                0x08000bb8                HAL_SPI_TxCpltCallback
 .text.HAL_UART_RxCpltCallback
                0x08000c00       0x58 ./Core/Src/main.o
                0x08000c00                HAL_UART_RxCpltCallback
 .text.Enable_NonCacheable_Regions
                0x08000c58       0x5c ./Core/Src/main.o
                0x08000c58                Enable_NonCacheable_Regions
 .text.Error_Handler
                0x08000cb4        0xc ./Core/Src/main.o
                0x08000cb4                Error_Handler
 .text.HAL_MspInit
                0x08000cc0       0x48 ./Core/Src/stm32f7xx_hal_msp.o
                0x08000cc0                HAL_MspInit
 .text.HAL_CRC_MspInit
                0x08000d08       0x40 ./Core/Src/stm32f7xx_hal_msp.o
                0x08000d08                HAL_CRC_MspInit
 .text.HAL_SPI_MspInit
                0x08000d48      0x19c ./Core/Src/stm32f7xx_hal_msp.o
                0x08000d48                HAL_SPI_MspInit
 .text.HAL_UART_MspInit
                0x08000ee4      0x1e0 ./Core/Src/stm32f7xx_hal_msp.o
                0x08000ee4                HAL_UART_MspInit
 .text.NMI_Handler
                0x080010c4        0x8 ./Core/Src/stm32f7xx_it.o
                0x080010c4                NMI_Handler
 .text.HardFault_Handler
                0x080010cc        0x8 ./Core/Src/stm32f7xx_it.o
                0x080010cc                HardFault_Handler
 .text.MemManage_Handler
                0x080010d4        0x8 ./Core/Src/stm32f7xx_it.o
                0x080010d4                MemManage_Handler
 .text.BusFault_Handler
                0x080010dc        0x8 ./Core/Src/stm32f7xx_it.o
                0x080010dc                BusFault_Handler
 .text.UsageFault_Handler
                0x080010e4        0x8 ./Core/Src/stm32f7xx_it.o
                0x080010e4                UsageFault_Handler
 .text.SVC_Handler
                0x080010ec        0xe ./Core/Src/stm32f7xx_it.o
                0x080010ec                SVC_Handler
 .text.DebugMon_Handler
                0x080010fa        0xe ./Core/Src/stm32f7xx_it.o
                0x080010fa                DebugMon_Handler
 .text.PendSV_Handler
                0x08001108        0xe ./Core/Src/stm32f7xx_it.o
                0x08001108                PendSV_Handler
 .text.SysTick_Handler
                0x08001116        0xc ./Core/Src/stm32f7xx_it.o
                0x08001116                SysTick_Handler
 *fill*         0x08001122        0x2 
 .text.DMA1_Stream5_IRQHandler
                0x08001124       0x14 ./Core/Src/stm32f7xx_it.o
                0x08001124                DMA1_Stream5_IRQHandler
 .text.DMA1_Stream6_IRQHandler
                0x08001138       0x14 ./Core/Src/stm32f7xx_it.o
                0x08001138                DMA1_Stream6_IRQHandler
 .text.SPI1_IRQHandler
                0x0800114c       0x14 ./Core/Src/stm32f7xx_it.o
                0x0800114c                SPI1_IRQHandler
 .text.USART2_IRQHandler
                0x08001160       0x14 ./Core/Src/stm32f7xx_it.o
                0x08001160                USART2_IRQHandler
 .text.DMA2_Stream0_IRQHandler
                0x08001174       0x14 ./Core/Src/stm32f7xx_it.o
                0x08001174                DMA2_Stream0_IRQHandler
 .text.DMA2_Stream3_IRQHandler
                0x08001188       0x14 ./Core/Src/stm32f7xx_it.o
                0x08001188                DMA2_Stream3_IRQHandler
 .text.SystemInit
                0x0800119c       0x24 ./Core/Src/system_stm32f7xx.o
                0x0800119c                SystemInit
 .text.Reset_Handler
                0x080011c0       0x50 ./Core/Startup/startup_stm32f767zitx.o
                0x080011c0                Reset_Handler
 .text.Default_Handler
                0x08001210        0x2 ./Core/Startup/startup_stm32f767zitx.o
                0x08001210                RTC_Alarm_IRQHandler
                0x08001210                EXTI2_IRQHandler
                0x08001210                TIM8_CC_IRQHandler
                0x08001210                UART8_IRQHandler
                0x08001210                SPI4_IRQHandler
                0x08001210                TIM1_CC_IRQHandler
                0x08001210                DMA2_Stream5_IRQHandler
                0x08001210                JPEG_IRQHandler
                0x08001210                CAN3_RX1_IRQHandler
                0x08001210                PVD_IRQHandler
                0x08001210                TAMP_STAMP_IRQHandler
                0x08001210                CAN2_RX1_IRQHandler
                0x08001210                EXTI3_IRQHandler
                0x08001210                TIM8_TRG_COM_TIM14_IRQHandler
                0x08001210                DFSDM1_FLT1_IRQHandler
                0x08001210                TIM1_UP_TIM10_IRQHandler
                0x08001210                TIM8_UP_TIM13_IRQHandler
                0x08001210                I2C3_ER_IRQHandler
                0x08001210                DFSDM1_FLT2_IRQHandler
                0x08001210                EXTI0_IRQHandler
                0x08001210                I2C2_EV_IRQHandler
                0x08001210                DMA1_Stream2_IRQHandler
                0x08001210                CAN1_RX0_IRQHandler
                0x08001210                FPU_IRQHandler
                0x08001210                OTG_HS_WKUP_IRQHandler
                0x08001210                CAN3_SCE_IRQHandler
                0x08001210                LTDC_ER_IRQHandler
                0x08001210                CAN2_SCE_IRQHandler
                0x08001210                DMA2_Stream2_IRQHandler
                0x08001210                TIM6_DAC_IRQHandler
                0x08001210                TIM1_BRK_TIM9_IRQHandler
                0x08001210                DCMI_IRQHandler
                0x08001210                CAN2_RX0_IRQHandler
                0x08001210                SAI2_IRQHandler
                0x08001210                DFSDM1_FLT3_IRQHandler
                0x08001210                USART6_IRQHandler
                0x08001210                CAN3_RX0_IRQHandler
                0x08001210                USART3_IRQHandler
                0x08001210                CAN1_RX1_IRQHandler
                0x08001210                UART5_IRQHandler
                0x08001210                TIM4_IRQHandler
                0x08001210                QUADSPI_IRQHandler
                0x08001210                I2C1_EV_IRQHandler
                0x08001210                DMA1_Stream1_IRQHandler
                0x08001210                UART4_IRQHandler
                0x08001210                TIM3_IRQHandler
                0x08001210                RCC_IRQHandler
                0x08001210                TIM8_BRK_TIM12_IRQHandler
                0x08001210                Default_Handler
                0x08001210                CEC_IRQHandler
                0x08001210                EXTI15_10_IRQHandler
                0x08001210                ADC_IRQHandler
                0x08001210                DMA1_Stream7_IRQHandler
                0x08001210                SPI5_IRQHandler
                0x08001210                TIM7_IRQHandler
                0x08001210                SDMMC1_IRQHandler
                0x08001210                CAN2_TX_IRQHandler
                0x08001210                TIM5_IRQHandler
                0x08001210                DMA2_Stream7_IRQHandler
                0x08001210                I2C3_EV_IRQHandler
                0x08001210                EXTI9_5_IRQHandler
                0x08001210                RTC_WKUP_IRQHandler
                0x08001210                LTDC_IRQHandler
                0x08001210                ETH_WKUP_IRQHandler
                0x08001210                SPDIF_RX_IRQHandler
                0x08001210                SPI2_IRQHandler
                0x08001210                OTG_HS_EP1_IN_IRQHandler
                0x08001210                DMA1_Stream0_IRQHandler
                0x08001210                CAN1_TX_IRQHandler
                0x08001210                EXTI4_IRQHandler
                0x08001210                RNG_IRQHandler
                0x08001210                ETH_IRQHandler
                0x08001210                OTG_HS_EP1_OUT_IRQHandler
                0x08001210                WWDG_IRQHandler
                0x08001210                SPI6_IRQHandler
                0x08001210                MDIOS_IRQHandler
                0x08001210                I2C4_EV_IRQHandler
                0x08001210                CAN3_TX_IRQHandler
                0x08001210                TIM2_IRQHandler
                0x08001210                OTG_FS_WKUP_IRQHandler
                0x08001210                TIM1_TRG_COM_TIM11_IRQHandler
                0x08001210                OTG_HS_IRQHandler
                0x08001210                DMA2D_IRQHandler
                0x08001210                EXTI1_IRQHandler
                0x08001210                SDMMC2_IRQHandler
                0x08001210                UART7_IRQHandler
                0x08001210                DFSDM1_FLT0_IRQHandler
                0x08001210                I2C2_ER_IRQHandler
                0x08001210                DMA2_Stream1_IRQHandler
                0x08001210                CAN1_SCE_IRQHandler
                0x08001210                FLASH_IRQHandler
                0x08001210                DMA2_Stream4_IRQHandler
                0x08001210                USART1_IRQHandler
                0x08001210                OTG_FS_IRQHandler
                0x08001210                SPI3_IRQHandler
                0x08001210                DMA1_Stream4_IRQHandler
                0x08001210                I2C1_ER_IRQHandler
                0x08001210                FMC_IRQHandler
                0x08001210                LPTIM1_IRQHandler
                0x08001210                I2C4_ER_IRQHandler
                0x08001210                DMA2_Stream6_IRQHandler
                0x08001210                SAI1_IRQHandler
                0x08001210                DMA1_Stream3_IRQHandler
 .text.HAL_Init
                0x08001212       0x1a ./Drivers/STM32F7xx_HAL_Driver/Src/stm32f7xx_hal.o
                0x08001212                HAL_Init
 .text.HAL_InitTick
                0x0800122c       0x60 ./Drivers/STM32F7xx_HAL_Driver/Src/stm32f7xx_hal.o
                0x0800122c                HAL_InitTick
 .text.HAL_IncTick
                0x0800128c       0x28 ./Drivers/STM32F7xx_HAL_Driver/Src/stm32f7xx_hal.o
                0x0800128c                HAL_IncTick
 .text.HAL_GetTick
                0x080012b4       0x18 ./Drivers/STM32F7xx_HAL_Driver/Src/stm32f7xx_hal.o
                0x080012b4                HAL_GetTick
 .text.HAL_Delay
                0x080012cc       0x48 ./Drivers/STM32F7xx_HAL_Driver/Src/stm32f7xx_hal.o
                0x080012cc                HAL_Delay
 .text.__NVIC_SetPriorityGrouping
                0x08001314       0x48 ./Drivers/STM32F7xx_HAL_Driver/Src/stm32f7xx_hal_cortex.o
 .text.__NVIC_GetPriorityGrouping
                0x0800135c       0x1c ./Drivers/STM32F7xx_HAL_Driver/Src/stm32f7xx_hal_cortex.o
 .text.__NVIC_EnableIRQ
                0x08001378       0x3c ./Drivers/STM32F7xx_HAL_Driver/Src/stm32f7xx_hal_cortex.o
 .text.__NVIC_SetPriority
                0x080013b4       0x54 ./Drivers/STM32F7xx_HAL_Driver/Src/stm32f7xx_hal_cortex.o
 .text.NVIC_EncodePriority
                0x08001408       0x66 ./Drivers/STM32F7xx_HAL_Driver/Src/stm32f7xx_hal_cortex.o
 *fill*         0x0800146e        0x2 
 .text.SysTick_Config
                0x08001470       0x44 ./Drivers/STM32F7xx_HAL_Driver/Src/stm32f7xx_hal_cortex.o
 .text.HAL_NVIC_SetPriorityGrouping
                0x080014b4       0x16 ./Drivers/STM32F7xx_HAL_Driver/Src/stm32f7xx_hal_cortex.o
                0x080014b4                HAL_NVIC_SetPriorityGrouping
 .text.HAL_NVIC_SetPriority
                0x080014ca       0x38 ./Drivers/STM32F7xx_HAL_Driver/Src/stm32f7xx_hal_cortex.o
                0x080014ca                HAL_NVIC_SetPriority
 .text.HAL_NVIC_EnableIRQ
                0x08001502       0x1c ./Drivers/STM32F7xx_HAL_Driver/Src/stm32f7xx_hal_cortex.o
                0x08001502                HAL_NVIC_EnableIRQ
 .text.HAL_SYSTICK_Config
                0x0800151e       0x18 ./Drivers/STM32F7xx_HAL_Driver/Src/stm32f7xx_hal_cortex.o
                0x0800151e                HAL_SYSTICK_Config
 *fill*         0x08001536        0x2 
 .text.HAL_MPU_Disable
                0x08001538       0x30 ./Drivers/STM32F7xx_HAL_Driver/Src/stm32f7xx_hal_cortex.o
                0x08001538                HAL_MPU_Disable
 .text.HAL_MPU_Enable
                0x08001568       0x40 ./Drivers/STM32F7xx_HAL_Driver/Src/stm32f7xx_hal_cortex.o
                0x08001568                HAL_MPU_Enable
 .text.HAL_MPU_ConfigRegion
                0x080015a8       0x80 ./Drivers/STM32F7xx_HAL_Driver/Src/stm32f7xx_hal_cortex.o
                0x080015a8                HAL_MPU_ConfigRegion
 .text.HAL_CRC_Init
                0x08001628       0xc8 ./Drivers/STM32F7xx_HAL_Driver/Src/stm32f7xx_hal_crc.o
                0x08001628                HAL_CRC_Init
 .text.HAL_CRCEx_Polynomial_Set
                0x080016f0      0x11c ./Drivers/STM32F7xx_HAL_Driver/Src/stm32f7xx_hal_crc_ex.o
                0x080016f0                HAL_CRCEx_Polynomial_Set
 .text.HAL_DMA_Init
                0x0800180c      0x15c ./Drivers/STM32F7xx_HAL_Driver/Src/stm32f7xx_hal_dma.o
                0x0800180c                HAL_DMA_Init
 .text.HAL_DMA_Start_IT
                0x08001968       0xc0 ./Drivers/STM32F7xx_HAL_Driver/Src/stm32f7xx_hal_dma.o
                0x08001968                HAL_DMA_Start_IT
 .text.HAL_DMA_Abort
                0x08001a28       0xe0 ./Drivers/STM32F7xx_HAL_Driver/Src/stm32f7xx_hal_dma.o
                0x08001a28                HAL_DMA_Abort
 .text.HAL_DMA_Abort_IT
                0x08001b08       0x44 ./Drivers/STM32F7xx_HAL_Driver/Src/stm32f7xx_hal_dma.o
                0x08001b08                HAL_DMA_Abort_IT
 .text.HAL_DMA_IRQHandler
                0x08001b4c      0x314 ./Drivers/STM32F7xx_HAL_Driver/Src/stm32f7xx_hal_dma.o
                0x08001b4c                HAL_DMA_IRQHandler
 .text.DMA_SetConfig
                0x08001e60       0x5c ./Drivers/STM32F7xx_HAL_Driver/Src/stm32f7xx_hal_dma.o
 .text.DMA_CalcBaseAndBitshift
                0x08001ebc       0x6c ./Drivers/STM32F7xx_HAL_Driver/Src/stm32f7xx_hal_dma.o
 .text.DMA_CheckFifoParam
                0x08001f28       0xf8 ./Drivers/STM32F7xx_HAL_Driver/Src/stm32f7xx_hal_dma.o
 .text.HAL_GPIO_Init
                0x08002020      0x358 ./Drivers/STM32F7xx_HAL_Driver/Src/stm32f7xx_hal_gpio.o
                0x08002020                HAL_GPIO_Init
 .text.HAL_GPIO_WritePin
                0x08002378       0x32 ./Drivers/STM32F7xx_HAL_Driver/Src/stm32f7xx_hal_gpio.o
                0x08002378                HAL_GPIO_WritePin
 .text.HAL_GPIO_TogglePin
                0x080023aa       0x34 ./Drivers/STM32F7xx_HAL_Driver/Src/stm32f7xx_hal_gpio.o
                0x080023aa                HAL_GPIO_TogglePin
 *fill*         0x080023de        0x2 
 .text.HAL_PWREx_EnableOverDrive
                0x080023e0       0xa0 ./Drivers/STM32F7xx_HAL_Driver/Src/stm32f7xx_hal_pwr_ex.o
                0x080023e0                HAL_PWREx_EnableOverDrive
 .text.HAL_RCC_OscConfig
                0x08002480      0x55c ./Drivers/STM32F7xx_HAL_Driver/Src/stm32f7xx_hal_rcc.o
                0x08002480                HAL_RCC_OscConfig
 .text.HAL_RCC_ClockConfig
                0x080029dc      0x1d8 ./Drivers/STM32F7xx_HAL_Driver/Src/stm32f7xx_hal_rcc.o
                0x080029dc                HAL_RCC_ClockConfig
 .text.HAL_RCC_GetSysClockFreq
                0x08002bb4      0x208 ./Drivers/STM32F7xx_HAL_Driver/Src/stm32f7xx_hal_rcc.o
                0x08002bb4                HAL_RCC_GetSysClockFreq
 .text.HAL_RCC_GetHCLKFreq
                0x08002dbc       0x18 ./Drivers/STM32F7xx_HAL_Driver/Src/stm32f7xx_hal_rcc.o
                0x08002dbc                HAL_RCC_GetHCLKFreq
 .text.HAL_RCC_GetPCLK1Freq
                0x08002dd4       0x28 ./Drivers/STM32F7xx_HAL_Driver/Src/stm32f7xx_hal_rcc.o
                0x08002dd4                HAL_RCC_GetPCLK1Freq
 .text.HAL_RCC_GetPCLK2Freq
                0x08002dfc       0x28 ./Drivers/STM32F7xx_HAL_Driver/Src/stm32f7xx_hal_rcc.o
                0x08002dfc                HAL_RCC_GetPCLK2Freq
 .text.HAL_RCCEx_PeriphCLKConfig
                0x08002e24      0x850 ./Drivers/STM32F7xx_HAL_Driver/Src/stm32f7xx_hal_rcc_ex.o
                0x08002e24                HAL_RCCEx_PeriphCLKConfig
 .text.HAL_SPI_Init
                0x08003674      0x156 ./Drivers/STM32F7xx_HAL_Driver/Src/stm32f7xx_hal_spi.o
                0x08003674                HAL_SPI_Init
 .text.HAL_SPI_Receive
                0x080037ca      0x270 ./Drivers/STM32F7xx_HAL_Driver/Src/stm32f7xx_hal_spi.o
                0x080037ca                HAL_SPI_Receive
 .text.HAL_SPI_TransmitReceive
                0x08003a3a      0x43e ./Drivers/STM32F7xx_HAL_Driver/Src/stm32f7xx_hal_spi.o
                0x08003a3a                HAL_SPI_TransmitReceive
 .text.HAL_SPI_Transmit_DMA
                0x08003e78      0x1dc ./Drivers/STM32F7xx_HAL_Driver/Src/stm32f7xx_hal_spi.o
                0x08003e78                HAL_SPI_Transmit_DMA
 .text.HAL_SPI_IRQHandler
                0x08004054      0x1e8 ./Drivers/STM32F7xx_HAL_Driver/Src/stm32f7xx_hal_spi.o
                0x08004054                HAL_SPI_IRQHandler
 .text.HAL_SPI_TxHalfCpltCallback
                0x0800423c       0x14 ./Drivers/STM32F7xx_HAL_Driver/Src/stm32f7xx_hal_spi.o
                0x0800423c                HAL_SPI_TxHalfCpltCallback
 .text.HAL_SPI_ErrorCallback
                0x08004250       0x14 ./Drivers/STM32F7xx_HAL_Driver/Src/stm32f7xx_hal_spi.o
                0x08004250                HAL_SPI_ErrorCallback
 .text.SPI_DMATransmitCplt
                0x08004264       0xa8 ./Drivers/STM32F7xx_HAL_Driver/Src/stm32f7xx_hal_spi.o
 .text.SPI_DMAHalfTransmitCplt
                0x0800430c       0x1c ./Drivers/STM32F7xx_HAL_Driver/Src/stm32f7xx_hal_spi.o
 .text.SPI_DMAError
                0x08004328       0x40 ./Drivers/STM32F7xx_HAL_Driver/Src/stm32f7xx_hal_spi.o
 .text.SPI_DMAAbortOnError
                0x08004368       0x2a ./Drivers/STM32F7xx_HAL_Driver/Src/stm32f7xx_hal_spi.o
 *fill*         0x08004392        0x2 
 .text.SPI_WaitFlagStateUntilTimeout
                0x08004394      0x110 ./Drivers/STM32F7xx_HAL_Driver/Src/stm32f7xx_hal_spi.o
 .text.SPI_WaitFifoStateUntilTimeout
                0x080044a4      0x12c ./Drivers/STM32F7xx_HAL_Driver/Src/stm32f7xx_hal_spi.o
 .text.SPI_EndRxTransaction
                0x080045d0       0xf8 ./Drivers/STM32F7xx_HAL_Driver/Src/stm32f7xx_hal_spi.o
 .text.SPI_EndRxTxTransaction
                0x080046c8       0xd4 ./Drivers/STM32F7xx_HAL_Driver/Src/stm32f7xx_hal_spi.o
 .text.HAL_UART_Init
                0x0800479c       0x9c ./Drivers/STM32F7xx_HAL_Driver/Src/stm32f7xx_hal_uart.o
                0x0800479c                HAL_UART_Init
 .text.HAL_UART_Transmit
                0x08004838      0x112 ./Drivers/STM32F7xx_HAL_Driver/Src/stm32f7xx_hal_uart.o
                0x08004838                HAL_UART_Transmit
 .text.HAL_UART_Receive_DMA
                0x0800494a       0x88 ./Drivers/STM32F7xx_HAL_Driver/Src/stm32f7xx_hal_uart.o
                0x0800494a                HAL_UART_Receive_DMA
 *fill*         0x080049d2        0x2 
 .text.HAL_UART_IRQHandler
                0x080049d4      0x604 ./Drivers/STM32F7xx_HAL_Driver/Src/stm32f7xx_hal_uart.o
                0x080049d4                HAL_UART_IRQHandler
 .text.HAL_UART_TxCpltCallback
                0x08004fd8       0x14 ./Drivers/STM32F7xx_HAL_Driver/Src/stm32f7xx_hal_uart.o
                0x08004fd8                HAL_UART_TxCpltCallback
 .text.HAL_UART_RxHalfCpltCallback
                0x08004fec       0x14 ./Drivers/STM32F7xx_HAL_Driver/Src/stm32f7xx_hal_uart.o
                0x08004fec                HAL_UART_RxHalfCpltCallback
 .text.HAL_UART_ErrorCallback
                0x08005000       0x14 ./Drivers/STM32F7xx_HAL_Driver/Src/stm32f7xx_hal_uart.o
                0x08005000                HAL_UART_ErrorCallback
 .text.HAL_UARTEx_RxEventCallback
                0x08005014       0x18 ./Drivers/STM32F7xx_HAL_Driver/Src/stm32f7xx_hal_uart.o
                0x08005014                HAL_UARTEx_RxEventCallback
 .text.HAL_UARTEx_WakeupCallback
                0x0800502c       0x14 ./Drivers/STM32F7xx_HAL_Driver/Src/stm32f7xx_hal_uart.o
                0x0800502c                HAL_UARTEx_WakeupCallback
 .text.UART_SetConfig
                0x08005040      0x4c8 ./Drivers/STM32F7xx_HAL_Driver/Src/stm32f7xx_hal_uart.o
                0x08005040                UART_SetConfig
 .text.UART_AdvFeatureConfig
                0x08005508      0x144 ./Drivers/STM32F7xx_HAL_Driver/Src/stm32f7xx_hal_uart.o
                0x08005508                UART_AdvFeatureConfig
 .text.UART_CheckIdleState
                0x0800564c      0x150 ./Drivers/STM32F7xx_HAL_Driver/Src/stm32f7xx_hal_uart.o
                0x0800564c                UART_CheckIdleState
 .text.UART_WaitOnFlagUntilTimeout
                0x0800579c       0xda ./Drivers/STM32F7xx_HAL_Driver/Src/stm32f7xx_hal_uart.o
                0x0800579c                UART_WaitOnFlagUntilTimeout
 *fill*         0x08005876        0x2 
 .text.UART_Start_Receive_DMA
                0x08005878      0x140 ./Drivers/STM32F7xx_HAL_Driver/Src/stm32f7xx_hal_uart.o
                0x08005878                UART_Start_Receive_DMA
 .text.UART_EndTxTransfer
                0x080059b8       0x4c ./Drivers/STM32F7xx_HAL_Driver/Src/stm32f7xx_hal_uart.o
 .text.UART_EndRxTransfer
                0x08005a04       0xc8 ./Drivers/STM32F7xx_HAL_Driver/Src/stm32f7xx_hal_uart.o
 .text.UART_DMAReceiveCplt
                0x08005acc      0x15e ./Drivers/STM32F7xx_HAL_Driver/Src/stm32f7xx_hal_uart.o
 .text.UART_DMARxHalfCplt
                0x08005c2a       0x72 ./Drivers/STM32F7xx_HAL_Driver/Src/stm32f7xx_hal_uart.o
 .text.UART_DMAError
                0x08005c9c       0x7e ./Drivers/STM32F7xx_HAL_Driver/Src/stm32f7xx_hal_uart.o
 .text.UART_DMAAbortOnError
                0x08005d1a       0x24 ./Drivers/STM32F7xx_HAL_Driver/Src/stm32f7xx_hal_uart.o
 .text.UART_EndTransmit_IT
                0x08005d3e       0x54 ./Drivers/STM32F7xx_HAL_Driver/Src/stm32f7xx_hal_uart.o
 .text.memset   0x08005d92       0x10 C:/ST/STM32CubeIDE_1.16.1/STM32CubeIDE/plugins/com.st.stm32cube.ide.mcu.externaltools.gnu-tools-for-stm32.12.3.rel1.win32_1.0.200.202406191623/tools/bin/../lib/gcc/arm-none-eabi/12.3.1/../../../../arm-none-eabi/lib/thumb/v7e-m+dp/hard\libc_nano.a(libc_a-memset.o)
                0x08005d92                memset
 *fill*         0x08005da2        0x2 
 .text.__libc_init_array
                0x08005da4       0x48 C:/ST/STM32CubeIDE_1.16.1/STM32CubeIDE/plugins/com.st.stm32cube.ide.mcu.externaltools.gnu-tools-for-stm32.12.3.rel1.win32_1.0.200.202406191623/tools/bin/../lib/gcc/arm-none-eabi/12.3.1/../../../../arm-none-eabi/lib/thumb/v7e-m+dp/hard\libc_nano.a(libc_a-init.o)
                0x08005da4                __libc_init_array
 *(.glue_7)
 .glue_7        0x08005dec        0x0 linker stubs
 *(.glue_7t)
 .glue_7t       0x08005dec        0x0 linker stubs
 *(.eh_frame)
 .eh_frame      0x08005dec        0x0 C:/ST/STM32CubeIDE_1.16.1/STM32CubeIDE/plugins/com.st.stm32cube.ide.mcu.externaltools.gnu-tools-for-stm32.12.3.rel1.win32_1.0.200.202406191623/tools/bin/../lib/gcc/arm-none-eabi/12.3.1/thumb/v7e-m+dp/hard/crtbegin.o
 *(.init)
 .init          0x08005dec        0x4 C:/ST/STM32CubeIDE_1.16.1/STM32CubeIDE/plugins/com.st.stm32cube.ide.mcu.externaltools.gnu-tools-for-stm32.12.3.rel1.win32_1.0.200.202406191623/tools/bin/../lib/gcc/arm-none-eabi/12.3.1/thumb/v7e-m+dp/hard/crti.o
                0x08005dec                _init
 .init          0x08005df0        0x8 C:/ST/STM32CubeIDE_1.16.1/STM32CubeIDE/plugins/com.st.stm32cube.ide.mcu.externaltools.gnu-tools-for-stm32.12.3.rel1.win32_1.0.200.202406191623/tools/bin/../lib/gcc/arm-none-eabi/12.3.1/thumb/v7e-m+dp/hard/crtn.o
 *(.fini)
 .fini          0x08005df8        0x4 C:/ST/STM32CubeIDE_1.16.1/STM32CubeIDE/plugins/com.st.stm32cube.ide.mcu.externaltools.gnu-tools-for-stm32.12.3.rel1.win32_1.0.200.202406191623/tools/bin/../lib/gcc/arm-none-eabi/12.3.1/thumb/v7e-m+dp/hard/crti.o
                0x08005df8                _fini
 .fini          0x08005dfc        0x8 C:/ST/STM32CubeIDE_1.16.1/STM32CubeIDE/plugins/com.st.stm32cube.ide.mcu.externaltools.gnu-tools-for-stm32.12.3.rel1.win32_1.0.200.202406191623/tools/bin/../lib/gcc/arm-none-eabi/12.3.1/thumb/v7e-m+dp/hard/crtn.o
                0x08005e04                        . = ALIGN (0x4)
                0x08005e04                        _etext = .

.vfp11_veneer   0x08005e04        0x0
 .vfp11_veneer  0x08005e04        0x0 linker stubs

.v4_bx          0x08005e04        0x0
 .v4_bx         0x08005e04        0x0 linker stubs

.iplt           0x08005e04        0x0
 .iplt          0x08005e04        0x0 C:/ST/STM32CubeIDE_1.16.1/STM32CubeIDE/plugins/com.st.stm32cube.ide.mcu.externaltools.gnu-tools-for-stm32.12.3.rel1.win32_1.0.200.202406191623/tools/bin/../lib/gcc/arm-none-eabi/12.3.1/thumb/v7e-m+dp/hard/crtbegin.o

.rodata         0x08005e04       0x20
                0x08005e04                        . = ALIGN (0x4)
 *(.rodata)
 *(.rodata*)
 .rodata.AHBPrescTable
                0x08005e04       0x10 ./Core/Src/system_stm32f7xx.o
                0x08005e04                AHBPrescTable
 .rodata.APBPrescTable
                0x08005e14        0x8 ./Core/Src/system_stm32f7xx.o
                0x08005e14                APBPrescTable
 .rodata.flagBitshiftOffset.0
                0x08005e1c        0x8 ./Drivers/STM32F7xx_HAL_Driver/Src/stm32f7xx_hal_dma.o
                0x08005e24                        . = ALIGN (0x4)

.ARM.extab      0x08005e24        0x0
                0x08005e24                        . = ALIGN (0x4)
 *(.ARM.extab* .gnu.linkonce.armextab.*)
                0x08005e24                        . = ALIGN (0x4)

.ARM            0x08005e24        0x8
                0x08005e24                        . = ALIGN (0x4)
                0x08005e24                        __exidx_start = .
 *(.ARM.exidx*)
 .ARM.exidx     0x08005e24        0x8 C:/ST/STM32CubeIDE_1.16.1/STM32CubeIDE/plugins/com.st.stm32cube.ide.mcu.externaltools.gnu-tools-for-stm32.12.3.rel1.win32_1.0.200.202406191623/tools/bin/../lib/gcc/arm-none-eabi/12.3.1/thumb/v7e-m+dp/hard\libgcc.a(_udivmoddi4.o)
                0x08005e2c                        __exidx_end = .
                0x08005e2c                        . = ALIGN (0x4)

.preinit_array  0x08005e2c        0x0
                0x08005e2c                        . = ALIGN (0x4)
                0x08005e2c                        PROVIDE (__preinit_array_start = .)
 *(.preinit_array*)
                0x08005e2c                        PROVIDE (__preinit_array_end = .)
                0x08005e2c                        . = ALIGN (0x4)

.init_array     0x08005e2c        0x4
                0x08005e2c                        . = ALIGN (0x4)
                0x08005e2c                        PROVIDE (__init_array_start = .)
 *(SORT_BY_NAME(.init_array.*))
 *(.init_array*)
 .init_array    0x08005e2c        0x4 C:/ST/STM32CubeIDE_1.16.1/STM32CubeIDE/plugins/com.st.stm32cube.ide.mcu.externaltools.gnu-tools-for-stm32.12.3.rel1.win32_1.0.200.202406191623/tools/bin/../lib/gcc/arm-none-eabi/12.3.1/thumb/v7e-m+dp/hard/crtbegin.o
                0x08005e30                        PROVIDE (__init_array_end = .)
                0x08005e30                        . = ALIGN (0x4)

.fini_array     0x08005e30        0x4
                0x08005e30                        . = ALIGN (0x4)
                [!provide]                        PROVIDE (__fini_array_start = .)
 *(SORT_BY_NAME(.fini_array.*))
 *(.fini_array*)
 .fini_array    0x08005e30        0x4 C:/ST/STM32CubeIDE_1.16.1/STM32CubeIDE/plugins/com.st.stm32cube.ide.mcu.externaltools.gnu-tools-for-stm32.12.3.rel1.win32_1.0.200.202406191623/tools/bin/../lib/gcc/arm-none-eabi/12.3.1/thumb/v7e-m+dp/hard/crtbegin.o
                [!provide]                        PROVIDE (__fini_array_end = .)
                0x08005e34                        . = ALIGN (0x4)
                0x08005e34                        _sidata = LOADADDR (.data)

.rel.dyn        0x08005e34        0x0
 .rel.iplt      0x08005e34        0x0 C:/ST/STM32CubeIDE_1.16.1/STM32CubeIDE/plugins/com.st.stm32cube.ide.mcu.externaltools.gnu-tools-for-stm32.12.3.rel1.win32_1.0.200.202406191623/tools/bin/../lib/gcc/arm-none-eabi/12.3.1/thumb/v7e-m+dp/hard/crtbegin.o

.data           0x20000000       0x30 load address 0x08005e34
                0x20000000                        . = ALIGN (0x4)
                0x20000000                        _sdata = .
 *(.data)
 *(.data*)
 .data.uart_rx_ptr
                0x20000000        0x4 ./Core/Src/main.o
                0x20000000                uart_rx_ptr
 .data.spi_tx_ptr
                0x20000004        0x4 ./Core/Src/main.o
                0x20000004                spi_tx_ptr
 *fill*         0x20000008       0x18 
 .data.spi_tx_complete
                0x20000020        0x1 ./Core/Src/main.o
                0x20000020                spi_tx_complete
 *fill*         0x20000021        0x3 
 .data.SystemCoreClock
                0x20000024        0x4 ./Core/Src/system_stm32f7xx.o
                0x20000024                SystemCoreClock
 .data.uwTickPrio
                0x20000028        0x4 ./Drivers/STM32F7xx_HAL_Driver/Src/stm32f7xx_hal.o
                0x20000028                uwTickPrio
 .data.uwTickFreq
                0x2000002c        0x1 ./Drivers/STM32F7xx_HAL_Driver/Src/stm32f7xx_hal.o
                0x2000002c                uwTickFreq
 *(.RamFunc)
 *(.RamFunc*)
                0x20000030                        . = ALIGN (0x4)
 *fill*         0x2000002d        0x3 
                0x20000030                        _edata = .

.igot.plt       0x20000030        0x0 load address 0x08005e64
 .igot.plt      0x20000030        0x0 C:/ST/STM32CubeIDE_1.16.1/STM32CubeIDE/plugins/com.st.stm32cube.ide.mcu.externaltools.gnu-tools-for-stm32.12.3.rel1.win32_1.0.200.202406191623/tools/bin/../lib/gcc/arm-none-eabi/12.3.1/thumb/v7e-m+dp/hard/crtbegin.o
                0x20000030                        . = ALIGN (0x4)

.bss            0x20000040      0x6f4 load address 0x08005e64
                0x20000040                        _sbss = .
                0x20000040                        __bss_start__ = _sbss
 *(.bss)
 .bss           0x20000040       0x1c C:/ST/STM32CubeIDE_1.16.1/STM32CubeIDE/plugins/com.st.stm32cube.ide.mcu.externaltools.gnu-tools-for-stm32.12.3.rel1.win32_1.0.200.202406191623/tools/bin/../lib/gcc/arm-none-eabi/12.3.1/thumb/v7e-m+dp/hard/crtbegin.o
 *(.bss*)
 .bss.hcrc      0x2000005c       0x24 ./Core/Src/main.o
                0x2000005c                hcrc
 .bss.hspi1     0x20000080       0x64 ./Core/Src/main.o
                0x20000080                hspi1
 .bss.hdma_spi1_rx
                0x200000e4       0x60 ./Core/Src/main.o
                0x200000e4                hdma_spi1_rx
 .bss.hdma_spi1_tx
                0x20000144       0x60 ./Core/Src/main.o
                0x20000144                hdma_spi1_tx
 .bss.huart2    0x200001a4       0x88 ./Core/Src/main.o
                0x200001a4                huart2
 .bss.hdma_usart2_rx
                0x2000022c       0x60 ./Core/Src/main.o
                0x2000022c                hdma_usart2_rx
 .bss.hdma_usart2_tx
                0x2000028c       0x60 ./Core/Src/main.o
                0x2000028c                hdma_usart2_tx
 *fill*         0x200002ec       0x14 
 .bss.frame_A   0x20000300      0x208 ./Core/Src/main.o
                0x20000300                frame_A
 *fill*         0x20000508       0x18 
 .bss.frame_B   0x20000520      0x208 ./Core/Src/main.o
                0x20000520                frame_B
 .bss.uart_rx_ready
                0x20000728        0x1 ./Core/Src/main.o
                0x20000728                uart_rx_ready
 *fill*         0x20000729        0x3 
 .bss.dbg_bridge_count
                0x2000072c        0x4 ./Core/Src/main.o
                0x2000072c                dbg_bridge_count
 .bss.uwTick    0x20000730        0x4 ./Drivers/STM32F7xx_HAL_Driver/Src/stm32f7xx_hal.o
                0x20000730                uwTick
 *(COMMON)
                0x20000734                        . = ALIGN (0x4)
                0x20000734                        _ebss = .
                0x20000734                        __bss_end__ = _ebss

._user_heap_stack
                0x20000734      0x604 load address 0x08005e64
                0x20000738                        . = ALIGN (0x8)
 *fill*         0x20000734        0x4 
                [!provide]                        PROVIDE (end = .)
                0x20000738                        PROVIDE (_end = .)
                0x20000938                        . = (. + _Min_Heap_Size)
 *fill*         0x20000738      0x200 
                0x20000d38                        . = (. + _Min_Stack_Size)
 *fill*         0x20000938      0x400 
                0x20000d38                        . = ALIGN (0x8)

/DISCARD/
 libc.a(*)
 libm.a(*)
 libgcc.a(*)

.ARM.attributes
                0x00000000       0x2e
 *(.ARM.attributes)
 .ARM.attributes
                0x00000000       0x20 C:/ST/STM32CubeIDE_1.16.1/STM32CubeIDE/plugins/com.st.stm32cube.ide.mcu.externaltools.gnu-tools-for-stm32.12.3.rel1.win32_1.0.200.202406191623/tools/bin/../lib/gcc/arm-none-eabi/12.3.1/thumb/v7e-m+dp/hard/crti.o
 .ARM.attributes
                0x00000020       0x32 C:/ST/STM32CubeIDE_1.16.1/STM32CubeIDE/plugins/com.st.stm32cube.ide.mcu.externaltools.gnu-tools-for-stm32.12.3.rel1.win32_1.0.200.202406191623/tools/bin/../lib/gcc/arm-none-eabi/12.3.1/thumb/v7e-m+dp/hard/crtbegin.o
 .ARM.attributes
                0x00000052       0x32 ./Core/Src/main.o
 .ARM.attributes
                0x00000084       0x32 ./Core/Src/stm32f7xx_hal_msp.o
 .ARM.attributes
                0x000000b6       0x32 ./Core/Src/stm32f7xx_it.o
 .ARM.attributes
                0x000000e8       0x32 ./Core/Src/system_stm32f7xx.o
 .ARM.attributes
                0x0000011a       0x21 ./Core/Startup/startup_stm32f767zitx.o
 .ARM.attributes
                0x0000013b       0x32 ./Drivers/STM32F7xx_HAL_Driver/Src/stm32f7xx_hal.o
 .ARM.attributes
                0x0000016d       0x32 ./Drivers/STM32F7xx_HAL_Driver/Src/stm32f7xx_hal_cortex.o
 .ARM.attributes
                0x0000019f       0x32 ./Drivers/STM32F7xx_HAL_Driver/Src/stm32f7xx_hal_crc.o
 .ARM.attributes
                0x000001d1       0x32 ./Drivers/STM32F7xx_HAL_Driver/Src/stm32f7xx_hal_crc_ex.o
 .ARM.attributes
                0x00000203       0x32 ./Drivers/STM32F7xx_HAL_Driver/Src/stm32f7xx_hal_dma.o
 .ARM.attributes
                0x00000235       0x32 ./Drivers/STM32F7xx_HAL_Driver/Src/stm32f7xx_hal_gpio.o
 .ARM.attributes
                0x00000267       0x32 ./Drivers/STM32F7xx_HAL_Driver/Src/stm32f7xx_hal_pwr_ex.o
 .ARM.attributes
                0x00000299       0x32 ./Drivers/STM32F7xx_HAL_Driver/Src/stm32f7xx_hal_rcc.o
 .ARM.attributes
                0x000002cb       0x32 ./Drivers/STM32F7xx_HAL_Driver/Src/stm32f7xx_hal_rcc_ex.o
 .ARM.attributes
                0x000002fd       0x32 ./Drivers/STM32F7xx_HAL_Driver/Src/stm32f7xx_hal_spi.o
 .ARM.attributes
                0x0000032f       0x32 ./Drivers/STM32F7xx_HAL_Driver/Src/stm32f7xx_hal_uart.o
 .ARM.attributes
                0x00000361       0x32 C:/ST/STM32CubeIDE_1.16.1/STM32CubeIDE/plugins/com.st.stm32cube.ide.mcu.externaltools.gnu-tools-for-stm32.12.3.rel1.win32_1.0.200.202406191623/tools/bin/../lib/gcc/arm-none-eabi/12.3.1/../../../../arm-none-eabi/lib/thumb/v7e-m+dp/hard\libc_nano.a(libc_a-memset.o)
 .ARM.attributes
                0x00000393       0x32 C:/ST/STM32CubeIDE_1.16.1/STM32CubeIDE/plugins/com.st.stm32cube.ide.mcu.externaltools.gnu-tools-for-stm32.12.3.rel1.win32_1.0.200.202406191623/tools/bin/../lib/gcc/arm-none-eabi/12.3.1/../../../../arm-none-eabi/lib/thumb/v7e-m+dp/hard\libc_nano.a(libc_a-init.o)
 .ARM.attributes
                0x000003c5       0x20 C:/ST/STM32CubeIDE_1.16.1/STM32CubeIDE/plugins/com.st.stm32cube.ide.mcu.externaltools.gnu-tools-for-stm32.12.3.rel1.win32_1.0.200.202406191623/tools/bin/../lib/gcc/arm-none-eabi/12.3.1/thumb/v7e-m+dp/hard\libgcc.a(_aeabi_uldivmod.o)
 .ARM.attributes
                0x000003e5       0x32 C:/ST/STM32CubeIDE_1.16.1/STM32CubeIDE/plugins/com.st.stm32cube.ide.mcu.externaltools.gnu-tools-for-stm32.12.3.rel1.win32_1.0.200.202406191623/tools/bin/../lib/gcc/arm-none-eabi/12.3.1/thumb/v7e-m+dp/hard\libgcc.a(_udivmoddi4.o)
 .ARM.attributes
                0x00000417       0x20 C:/ST/STM32CubeIDE_1.16.1/STM32CubeIDE/plugins/com.st.stm32cube.ide.mcu.externaltools.gnu-tools-for-stm32.12.3.rel1.win32_1.0.200.202406191623/tools/bin/../lib/gcc/arm-none-eabi/12.3.1/thumb/v7e-m+dp/hard\libgcc.a(_dvmd_tls.o)
 .ARM.attributes
                0x00000437       0x20 C:/ST/STM32CubeIDE_1.16.1/STM32CubeIDE/plugins/com.st.stm32cube.ide.mcu.externaltools.gnu-tools-for-stm32.12.3.rel1.win32_1.0.200.202406191623/tools/bin/../lib/gcc/arm-none-eabi/12.3.1/thumb/v7e-m+dp/hard/crtn.o
OUTPUT(testM.elf elf32-littlearm)
LOAD linker stubs
LOAD C:/ST/STM32CubeIDE_1.16.1/STM32CubeIDE/plugins/com.st.stm32cube.ide.mcu.externaltools.gnu-tools-for-stm32.12.3.rel1.win32_1.0.200.202406191623/tools/bin/../lib/gcc/arm-none-eabi/12.3.1/../../../../arm-none-eabi/lib/thumb/v7e-m+dp/hard\libc.a
LOAD C:/ST/STM32CubeIDE_1.16.1/STM32CubeIDE/plugins/com.st.stm32cube.ide.mcu.externaltools.gnu-tools-for-stm32.12.3.rel1.win32_1.0.200.202406191623/tools/bin/../lib/gcc/arm-none-eabi/12.3.1/../../../../arm-none-eabi/lib/thumb/v7e-m+dp/hard\libm.a
LOAD C:/ST/STM32CubeIDE_1.16.1/STM32CubeIDE/plugins/com.st.stm32cube.ide.mcu.externaltools.gnu-tools-for-stm32.12.3.rel1.win32_1.0.200.202406191623/tools/bin/../lib/gcc/arm-none-eabi/12.3.1/thumb/v7e-m+dp/hard\libgcc.a

.debug_info     0x00000000     0xe0bd
 .debug_info    0x00000000     0x1d91 ./Core/Src/main.o
 .debug_info    0x00001d91     0x1574 ./Core/Src/stm32f7xx_hal_msp.o
 .debug_info    0x00003305      0xa5e ./Core/Src/stm32f7xx_it.o
 .debug_info    0x00003d63      0x6ed ./Core/Src/system_stm32f7xx.o
 .debug_info    0x00004450       0x30 ./Core/Startup/startup_stm32f767zitx.o
 .debug_info    0x00004480      0xa4c ./Drivers/STM32F7xx_HAL_Driver/Src/stm32f7xx_hal.o
 .debug_info    0x00004ecc      0xfc0 ./Drivers/STM32F7xx_HAL_Driver/Src/stm32f7xx_hal_cortex.o
 .debug_info    0x00005e8c      0x530 ./Drivers/STM32F7xx_HAL_Driver/Src/stm32f7xx_hal_crc.o
 .debug_info    0x000063bc      0x35b ./Drivers/STM32F7xx_HAL_Driver/Src/stm32f7xx_hal_crc_ex.o
 .debug_info    0x00006717      0x8e7 ./Drivers/STM32F7xx_HAL_Driver/Src/stm32f7xx_hal_dma.o
 .debug_info    0x00006ffe      0x6f3 ./Drivers/STM32F7xx_HAL_Driver/Src/stm32f7xx_hal_gpio.o
 .debug_info    0x000076f1      0x8cd ./Drivers/STM32F7xx_HAL_Driver/Src/stm32f7xx_hal_pwr_ex.o
 .debug_info    0x00007fbe      0x94b ./Drivers/STM32F7xx_HAL_Driver/Src/stm32f7xx_hal_rcc.o
 .debug_info    0x00008909      0x6e1 ./Drivers/STM32F7xx_HAL_Driver/Src/stm32f7xx_hal_rcc_ex.o
 .debug_info    0x00008fea     0x15c0 ./Drivers/STM32F7xx_HAL_Driver/Src/stm32f7xx_hal_spi.o
 .debug_info    0x0000a5aa     0x3b13 ./Drivers/STM32F7xx_HAL_Driver/Src/stm32f7xx_hal_uart.o

.debug_abbrev   0x00000000     0x2153
 .debug_abbrev  0x00000000      0x382 ./Core/Src/main.o
 .debug_abbrev  0x00000382      0x268 ./Core/Src/stm32f7xx_hal_msp.o
 .debug_abbrev  0x000005ea      0x1a1 ./Core/Src/stm32f7xx_it.o
 .debug_abbrev  0x0000078b      0x13b ./Core/Src/system_stm32f7xx.o
 .debug_abbrev  0x000008c6       0x24 ./Core/Startup/startup_stm32f767zitx.o
 .debug_abbrev  0x000008ea      0x213 ./Drivers/STM32F7xx_HAL_Driver/Src/stm32f7xx_hal.o
 .debug_abbrev  0x00000afd      0x31e ./Drivers/STM32F7xx_HAL_Driver/Src/stm32f7xx_hal_cortex.o
 .debug_abbrev  0x00000e1b      0x1ee ./Drivers/STM32F7xx_HAL_Driver/Src/stm32f7xx_hal_crc.o
 .debug_abbrev  0x00001009      0x151 ./Drivers/STM32F7xx_HAL_Driver/Src/stm32f7xx_hal_crc_ex.o
 .debug_abbrev  0x0000115a      0x264 ./Drivers/STM32F7xx_HAL_Driver/Src/stm32f7xx_hal_dma.o
 .debug_abbrev  0x000013be      0x1d4 ./Drivers/STM32F7xx_HAL_Driver/Src/stm32f7xx_hal_gpio.o
 .debug_abbrev  0x00001592      0x1d5 ./Drivers/STM32F7xx_HAL_Driver/Src/stm32f7xx_hal_pwr_ex.o
 .debug_abbrev  0x00001767      0x2de ./Drivers/STM32F7xx_HAL_Driver/Src/stm32f7xx_hal_rcc.o
 .debug_abbrev  0x00001a45      0x1c9 ./Drivers/STM32F7xx_HAL_Driver/Src/stm32f7xx_hal_rcc_ex.o
 .debug_abbrev  0x00001c0e      0x25f ./Drivers/STM32F7xx_HAL_Driver/Src/stm32f7xx_hal_spi.o
 .debug_abbrev  0x00001e6d      0x2e6 ./Drivers/STM32F7xx_HAL_Driver/Src/stm32f7xx_hal_uart.o

.debug_aranges  0x00000000      0xac0
 .debug_aranges
                0x00000000       0x80 ./Core/Src/main.o
 .debug_aranges
                0x00000080       0x50 ./Core/Src/stm32f7xx_hal_msp.o
 .debug_aranges
                0x000000d0       0x90 ./Core/Src/stm32f7xx_it.o
 .debug_aranges
                0x00000160       0x28 ./Core/Src/system_stm32f7xx.o
 .debug_aranges
                0x00000188       0x28 ./Core/Startup/startup_stm32f767zitx.o
 .debug_aranges
                0x000001b0      0x110 ./Drivers/STM32F7xx_HAL_Driver/Src/stm32f7xx_hal.o
 .debug_aranges
                0x000002c0      0x128 ./Drivers/STM32F7xx_HAL_Driver/Src/stm32f7xx_hal_cortex.o
 .debug_aranges
                0x000003e8       0x60 ./Drivers/STM32F7xx_HAL_Driver/Src/stm32f7xx_hal_crc.o
 .debug_aranges
                0x00000448       0x30 ./Drivers/STM32F7xx_HAL_Driver/Src/stm32f7xx_hal_crc_ex.o
 .debug_aranges
                0x00000478       0x90 ./Drivers/STM32F7xx_HAL_Driver/Src/stm32f7xx_hal_dma.o
 .debug_aranges
                0x00000508       0x58 ./Drivers/STM32F7xx_HAL_Driver/Src/stm32f7xx_hal_gpio.o
 .debug_aranges
                0x00000560       0x80 ./Drivers/STM32F7xx_HAL_Driver/Src/stm32f7xx_hal_pwr_ex.o
 .debug_aranges
                0x000005e0       0x88 ./Drivers/STM32F7xx_HAL_Driver/Src/stm32f7xx_hal_rcc.o
 .debug_aranges
                0x00000668       0x50 ./Drivers/STM32F7xx_HAL_Driver/Src/stm32f7xx_hal_rcc_ex.o
 .debug_aranges
                0x000006b8      0x1d8 ./Drivers/STM32F7xx_HAL_Driver/Src/stm32f7xx_hal_spi.o
 .debug_aranges
                0x00000890      0x230 ./Drivers/STM32F7xx_HAL_Driver/Src/stm32f7xx_hal_uart.o

.debug_rnglists
                0x00000000      0x844
 .debug_rnglists
                0x00000000       0x60 ./Core/Src/main.o
 .debug_rnglists
                0x00000060       0x39 ./Core/Src/stm32f7xx_hal_msp.o
 .debug_rnglists
                0x00000099       0x67 ./Core/Src/stm32f7xx_it.o
 .debug_rnglists
                0x00000100       0x1a ./Core/Src/system_stm32f7xx.o
 .debug_rnglists
                0x0000011a       0x19 ./Core/Startup/startup_stm32f767zitx.o
 .debug_rnglists
                0x00000133       0xc7 ./Drivers/STM32F7xx_HAL_Driver/Src/stm32f7xx_hal.o
 .debug_rnglists
                0x000001fa       0xda ./Drivers/STM32F7xx_HAL_Driver/Src/stm32f7xx_hal_cortex.o
 .debug_rnglists
                0x000002d4       0x47 ./Drivers/STM32F7xx_HAL_Driver/Src/stm32f7xx_hal_crc.o
 .debug_rnglists
                0x0000031b       0x20 ./Drivers/STM32F7xx_HAL_Driver/Src/stm32f7xx_hal_crc_ex.o
 .debug_rnglists
                0x0000033b       0x70 ./Drivers/STM32F7xx_HAL_Driver/Src/stm32f7xx_hal_dma.o
 .debug_rnglists
                0x000003ab       0x3f ./Drivers/STM32F7xx_HAL_Driver/Src/stm32f7xx_hal_gpio.o
 .debug_rnglists
                0x000003ea       0x5f ./Drivers/STM32F7xx_HAL_Driver/Src/stm32f7xx_hal_pwr_ex.o
 .debug_rnglists
                0x00000449       0x67 ./Drivers/STM32F7xx_HAL_Driver/Src/stm32f7xx_hal_rcc.o
 .debug_rnglists
                0x000004b0       0x3c ./Drivers/STM32F7xx_HAL_Driver/Src/stm32f7xx_hal_rcc_ex.o
 .debug_rnglists
                0x000004ec      0x178 ./Drivers/STM32F7xx_HAL_Driver/Src/stm32f7xx_hal_spi.o
 .debug_rnglists
                0x00000664      0x1e0 ./Drivers/STM32F7xx_HAL_Driver/Src/stm32f7xx_hal_uart.o

.debug_macro    0x00000000    0x27825
 .debug_macro   0x00000000      0x315 ./Core/Src/main.o
 .debug_macro   0x00000315      0xacc ./Core/Src/main.o
 .debug_macro   0x00000de1      0x299 ./Core/Src/main.o
 .debug_macro   0x0000107a       0x2e ./Core/Src/main.o
 .debug_macro   0x000010a8       0x3b ./Core/Src/main.o
 .debug_macro   0x000010e3       0x22 ./Core/Src/main.o
 .debug_macro   0x00001105       0x8e ./Core/Src/main.o
 .debug_macro   0x00001193       0x51 ./Core/Src/main.o
 .debug_macro   0x000011e4      0x103 ./Core/Src/main.o
 .debug_macro   0x000012e7       0x6a ./Core/Src/main.o
 .debug_macro   0x00001351      0x1df ./Core/Src/main.o
 .debug_macro   0x00001530       0x1c ./Core/Src/main.o
 .debug_macro   0x0000154c       0x22 ./Core/Src/main.o
 .debug_macro   0x0000156e       0xd9 ./Core/Src/main.o
 .debug_macro   0x00001647     0x12cd ./Core/Src/main.o
 .debug_macro   0x00002914      0x11f ./Core/Src/main.o
 .debug_macro   0x00002a33       0x19 ./Core/Src/main.o
 .debug_macro   0x00002a4c    0x1aa23 ./Core/Src/main.o
 .debug_macro   0x0001d46f       0x6d ./Core/Src/main.o
 .debug_macro   0x0001d4dc     0x375e ./Core/Src/main.o
 .debug_macro   0x00020c3a      0x189 ./Core/Src/main.o
 .debug_macro   0x00020dc3       0x63 ./Core/Src/main.o
 .debug_macro   0x00020e26     0x1add ./Core/Src/main.o
 .debug_macro   0x00022903      0x6c4 ./Core/Src/main.o
 .debug_macro   0x00022fc7      0x18b ./Core/Src/main.o
 .debug_macro   0x00023152      0x115 ./Core/Src/main.o
 .debug_macro   0x00023267      0x26e ./Core/Src/main.o
 .debug_macro   0x000234d5       0xa5 ./Core/Src/main.o
 .debug_macro   0x0002357a      0x24f ./Core/Src/main.o
 .debug_macro   0x000237c9       0x71 ./Core/Src/main.o
 .debug_macro   0x0002383a       0x58 ./Core/Src/main.o
 .debug_macro   0x00023892      0x236 ./Core/Src/main.o
 .debug_macro   0x00023ac8       0xc7 ./Core/Src/main.o
 .debug_macro   0x00023b8f       0x4c ./Core/Src/main.o
 .debug_macro   0x00023bdb      0x14e ./Core/Src/main.o
 .debug_macro   0x00023d29      0x3db ./Core/Src/main.o
 .debug_macro   0x00024104       0x12 ./Core/Src/main.o
 .debug_macro   0x00024116      0x22c ./Core/Src/main.o
 .debug_macro   0x00024342       0x61 ./Core/Src/main.o
 .debug_macro   0x000243a3       0xa5 ./Core/Src/main.o
 .debug_macro   0x00024448      0x12e ./Core/Src/main.o
 .debug_macro   0x00024576      0x108 ./Core/Src/main.o
 .debug_macro   0x0002467e       0x35 ./Core/Src/main.o
 .debug_macro   0x000246b3      0x2fe ./Core/Src/main.o
 .debug_macro   0x000249b1      0x5ba ./Core/Src/main.o
 .debug_macro   0x00024f6b       0x44 ./Core/Src/main.o
 .debug_macro   0x00024faf      0x15b ./Core/Src/main.o
 .debug_macro   0x0002510a      0x148 ./Core/Src/main.o
 .debug_macro   0x00025252       0x61 ./Core/Src/main.o
 .debug_macro   0x000252b3       0x29 ./Core/Src/main.o
 .debug_macro   0x000252dc       0x43 ./Core/Src/main.o
 .debug_macro   0x0002531f       0x34 ./Core/Src/main.o
 .debug_macro   0x00025353       0x16 ./Core/Src/main.o
 .debug_macro   0x00025369       0x35 ./Core/Src/main.o
 .debug_macro   0x0002539e      0x369 ./Core/Src/main.o
 .debug_macro   0x00025707       0x10 ./Core/Src/main.o
 .debug_macro   0x00025717       0x16 ./Core/Src/main.o
 .debug_macro   0x0002572d       0x43 ./Core/Src/main.o
 .debug_macro   0x00025770       0x34 ./Core/Src/main.o
 .debug_macro   0x000257a4       0x10 ./Core/Src/main.o
 .debug_macro   0x000257b4       0x58 ./Core/Src/main.o
 .debug_macro   0x0002580c       0x8e ./Core/Src/main.o
 .debug_macro   0x0002589a       0x1c ./Core/Src/main.o
 .debug_macro   0x000258b6      0x177 ./Core/Src/main.o
 .debug_macro   0x00025a2d       0x16 ./Core/Src/main.o
 .debug_macro   0x00025a43       0x16 ./Core/Src/main.o
 .debug_macro   0x00025a59      0x146 ./Core/Src/main.o
 .debug_macro   0x00025b9f       0x16 ./Core/Src/main.o
 .debug_macro   0x00025bb5       0x20 ./Core/Src/main.o
 .debug_macro   0x00025bd5      0x207 ./Core/Src/stm32f7xx_hal_msp.o
 .debug_macro   0x00025ddc      0x211 ./Core/Src/stm32f7xx_it.o
 .debug_macro   0x00025fed      0x1f8 ./Core/Src/system_stm32f7xx.o
 .debug_macro   0x000261e5      0x21c ./Drivers/STM32F7xx_HAL_Driver/Src/stm32f7xx_hal.o
 .debug_macro   0x00026401      0x1f8 ./Drivers/STM32F7xx_HAL_Driver/Src/stm32f7xx_hal_cortex.o
 .debug_macro   0x000265f9      0x1f8 ./Drivers/STM32F7xx_HAL_Driver/Src/stm32f7xx_hal_crc.o
 .debug_macro   0x000267f1      0x1f8 ./Drivers/STM32F7xx_HAL_Driver/Src/stm32f7xx_hal_crc_ex.o
 .debug_macro   0x000269e9      0x1fe ./Drivers/STM32F7xx_HAL_Driver/Src/stm32f7xx_hal_dma.o
 .debug_macro   0x00026be7      0x1fe ./Drivers/STM32F7xx_HAL_Driver/Src/stm32f7xx_hal_gpio.o
 .debug_macro   0x00026de5      0x210 ./Drivers/STM32F7xx_HAL_Driver/Src/stm32f7xx_hal_pwr_ex.o
 .debug_macro   0x00026ff5      0x21c ./Drivers/STM32F7xx_HAL_Driver/Src/stm32f7xx_hal_rcc.o
 .debug_macro   0x00027211      0x1f8 ./Drivers/STM32F7xx_HAL_Driver/Src/stm32f7xx_hal_rcc_ex.o
 .debug_macro   0x00027409      0x207 ./Drivers/STM32F7xx_HAL_Driver/Src/stm32f7xx_hal_spi.o
 .debug_macro   0x00027610      0x215 ./Drivers/STM32F7xx_HAL_Driver/Src/stm32f7xx_hal_uart.o

.debug_line     0x00000000     0xeb9d
 .debug_line    0x00000000      0xcb9 ./Core/Src/main.o
 .debug_line    0x00000cb9      0x955 ./Core/Src/stm32f7xx_hal_msp.o
 .debug_line    0x0000160e      0x8fd ./Core/Src/stm32f7xx_it.o
 .debug_line    0x00001f0b      0x81e ./Core/Src/system_stm32f7xx.o
 .debug_line    0x00002729       0x7a ./Core/Startup/startup_stm32f767zitx.o
 .debug_line    0x000027a3      0xafd ./Drivers/STM32F7xx_HAL_Driver/Src/stm32f7xx_hal.o
 .debug_line    0x000032a0      0xd6f ./Drivers/STM32F7xx_HAL_Driver/Src/stm32f7xx_hal_cortex.o
 .debug_line    0x0000400f      0xaed ./Drivers/STM32F7xx_HAL_Driver/Src/stm32f7xx_hal_crc.o
 .debug_line    0x00004afc      0x867 ./Drivers/STM32F7xx_HAL_Driver/Src/stm32f7xx_hal_crc_ex.o
 .debug_line    0x00005363     0x101e ./Drivers/STM32F7xx_HAL_Driver/Src/stm32f7xx_hal_dma.o
 .debug_line    0x00006381      0xc53 ./Drivers/STM32F7xx_HAL_Driver/Src/stm32f7xx_hal_gpio.o
 .debug_line    0x00006fd4      0xa51 ./Drivers/STM32F7xx_HAL_Driver/Src/stm32f7xx_hal_pwr_ex.o
 .debug_line    0x00007a25      0xf2d ./Drivers/STM32F7xx_HAL_Driver/Src/stm32f7xx_hal_rcc.o
 .debug_line    0x00008952      0xf04 ./Drivers/STM32F7xx_HAL_Driver/Src/stm32f7xx_hal_rcc_ex.o
 .debug_line    0x00009856     0x20bd ./Drivers/STM32F7xx_HAL_Driver/Src/stm32f7xx_hal_spi.o
 .debug_line    0x0000b913     0x328a ./Drivers/STM32F7xx_HAL_Driver/Src/stm32f7xx_hal_uart.o

.debug_str      0x00000000    0xf446c
 .debug_str     0x00000000    0xf200e ./Core/Src/main.o
                              0xf27cb (size before relaxing)
 .debug_str     0x000f200e      0x362 ./Core/Src/stm32f7xx_hal_msp.o
                              0xeede2 (size before relaxing)
 .debug_str     0x000f2370      0x185 ./Core/Src/stm32f7xx_it.o
                              0xee239 (size before relaxing)
 .debug_str     0x000f24f5       0x87 ./Core/Src/system_stm32f7xx.o
                              0xed7e6 (size before relaxing)
 .debug_str     0x000f257c       0x44 ./Core/Startup/startup_stm32f767zitx.o
                                 0x71 (size before relaxing)
 .debug_str     0x000f25c0      0x43d ./Drivers/STM32F7xx_HAL_Driver/Src/stm32f7xx_hal.o
                              0xee226 (size before relaxing)
 .debug_str     0x000f29fd      0x293 ./Drivers/STM32F7xx_HAL_Driver/Src/stm32f7xx_hal_cortex.o
                              0xee208 (size before relaxing)
 .debug_str     0x000f2c90       0xcc ./Drivers/STM32F7xx_HAL_Driver/Src/stm32f7xx_hal_crc.o
                              0xed821 (size before relaxing)
 .debug_str     0x000f2d5c       0x69 ./Drivers/STM32F7xx_HAL_Driver/Src/stm32f7xx_hal_crc_ex.o
                              0xed7db (size before relaxing)
 .debug_str     0x000f2dc5      0x2f6 ./Drivers/STM32F7xx_HAL_Driver/Src/stm32f7xx_hal_dma.o
                              0xedb25 (size before relaxing)
 .debug_str     0x000f30bb       0xf2 ./Drivers/STM32F7xx_HAL_Driver/Src/stm32f7xx_hal_gpio.o
                              0xed8a4 (size before relaxing)
 .debug_str     0x000f31ad      0x1d1 ./Drivers/STM32F7xx_HAL_Driver/Src/stm32f7xx_hal_pwr_ex.o
                              0xeda55 (size before relaxing)
 .debug_str     0x000f337e      0x260 ./Drivers/STM32F7xx_HAL_Driver/Src/stm32f7xx_hal_rcc.o
                              0xedb61 (size before relaxing)
 .debug_str     0x000f35de      0x147 ./Drivers/STM32F7xx_HAL_Driver/Src/stm32f7xx_hal_rcc_ex.o
                              0xedac4 (size before relaxing)
 .debug_str     0x000f3725      0x559 ./Drivers/STM32F7xx_HAL_Driver/Src/stm32f7xx_hal_spi.o
                              0xee020 (size before relaxing)
 .debug_str     0x000f3c7e      0x7ee ./Drivers/STM32F7xx_HAL_Driver/Src/stm32f7xx_hal_uart.o
                              0xee4af (size before relaxing)

.comment        0x00000000       0x43
 .comment       0x00000000       0x43 ./Core/Src/main.o
                                 0x44 (size before relaxing)
 .comment       0x00000043       0x44 ./Core/Src/stm32f7xx_hal_msp.o
 .comment       0x00000043       0x44 ./Core/Src/stm32f7xx_it.o
 .comment       0x00000043       0x44 ./Core/Src/system_stm32f7xx.o
 .comment       0x00000043       0x44 ./Drivers/STM32F7xx_HAL_Driver/Src/stm32f7xx_hal.o
 .comment       0x00000043       0x44 ./Drivers/STM32F7xx_HAL_Driver/Src/stm32f7xx_hal_cortex.o
 .comment       0x00000043       0x44 ./Drivers/STM32F7xx_HAL_Driver/Src/stm32f7xx_hal_crc.o
 .comment       0x00000043       0x44 ./Drivers/STM32F7xx_HAL_Driver/Src/stm32f7xx_hal_crc_ex.o
 .comment       0x00000043       0x44 ./Drivers/STM32F7xx_HAL_Driver/Src/stm32f7xx_hal_dma.o
 .comment       0x00000043       0x44 ./Drivers/STM32F7xx_HAL_Driver/Src/stm32f7xx_hal_gpio.o
 .comment       0x00000043       0x44 ./Drivers/STM32F7xx_HAL_Driver/Src/stm32f7xx_hal_pwr_ex.o
 .comment       0x00000043       0x44 ./Drivers/STM32F7xx_HAL_Driver/Src/stm32f7xx_hal_rcc.o
 .comment       0x00000043       0x44 ./Drivers/STM32F7xx_HAL_Driver/Src/stm32f7xx_hal_rcc_ex.o
 .comment       0x00000043       0x44 ./Drivers/STM32F7xx_HAL_Driver/Src/stm32f7xx_hal_spi.o
 .comment       0x00000043       0x44 ./Drivers/STM32F7xx_HAL_Driver/Src/stm32f7xx_hal_uart.o

.debug_frame    0x00000000     0x2b3c
 .debug_frame   0x00000000      0x1c0 ./Core/Src/main.o
 .debug_frame   0x000001c0      0x11c ./Core/Src/stm32f7xx_hal_msp.o
 .debug_frame   0x000002dc      0x1ac ./Core/Src/stm32f7xx_it.o
 .debug_frame   0x00000488       0x58 ./Core/Src/system_stm32f7xx.o
 .debug_frame   0x000004e0      0x3f4 ./Drivers/STM32F7xx_HAL_Driver/Src/stm32f7xx_hal.o
 .debug_frame   0x000008d4      0x4e8 ./Drivers/STM32F7xx_HAL_Driver/Src/stm32f7xx_hal_cortex.o
 .debug_frame   0x00000dbc      0x168 ./Drivers/STM32F7xx_HAL_Driver/Src/stm32f7xx_hal_crc.o
 .debug_frame   0x00000f24       0x88 ./Drivers/STM32F7xx_HAL_Driver/Src/stm32f7xx_hal_crc_ex.o
 .debug_frame   0x00000fac      0x250 ./Drivers/STM32F7xx_HAL_Driver/Src/stm32f7xx_hal_dma.o
 .debug_frame   0x000011fc      0x14c ./Drivers/STM32F7xx_HAL_Driver/Src/stm32f7xx_hal_gpio.o
 .debug_frame   0x00001348      0x1c8 ./Drivers/STM32F7xx_HAL_Driver/Src/stm32f7xx_hal_pwr_ex.o
 .debug_frame   0x00001510      0x1f8 ./Drivers/STM32F7xx_HAL_Driver/Src/stm32f7xx_hal_rcc.o
 .debug_frame   0x00001708      0x118 ./Drivers/STM32F7xx_HAL_Driver/Src/stm32f7xx_hal_rcc_ex.o
 .debug_frame   0x00001820      0x860 ./Drivers/STM32F7xx_HAL_Driver/Src/stm32f7xx_hal_spi.o
 .debug_frame   0x00002080      0xa10 ./Drivers/STM32F7xx_HAL_Driver/Src/stm32f7xx_hal_uart.o
 .debug_frame   0x00002a90       0x20 C:/ST/STM32CubeIDE_1.16.1/STM32CubeIDE/plugins/com.st.stm32cube.ide.mcu.externaltools.gnu-tools-for-stm32.12.3.rel1.win32_1.0.200.202406191623/tools/bin/../lib/gcc/arm-none-eabi/12.3.1/../../../../arm-none-eabi/lib/thumb/v7e-m+dp/hard\libc_nano.a(libc_a-memset.o)
 .debug_frame   0x00002ab0       0x2c C:/ST/STM32CubeIDE_1.16.1/STM32CubeIDE/plugins/com.st.stm32cube.ide.mcu.externaltools.gnu-tools-for-stm32.12.3.rel1.win32_1.0.200.202406191623/tools/bin/../lib/gcc/arm-none-eabi/12.3.1/../../../../arm-none-eabi/lib/thumb/v7e-m+dp/hard\libc_nano.a(libc_a-init.o)
 .debug_frame   0x00002adc       0x2c C:/ST/STM32CubeIDE_1.16.1/STM32CubeIDE/plugins/com.st.stm32cube.ide.mcu.externaltools.gnu-tools-for-stm32.12.3.rel1.win32_1.0.200.202406191623/tools/bin/../lib/gcc/arm-none-eabi/12.3.1/thumb/v7e-m+dp/hard\libgcc.a(_aeabi_uldivmod.o)
 .debug_frame   0x00002b08       0x34 C:/ST/STM32CubeIDE_1.16.1/STM32CubeIDE/plugins/com.st.stm32cube.ide.mcu.externaltools.gnu-tools-for-stm32.12.3.rel1.win32_1.0.200.202406191623/tools/bin/../lib/gcc/arm-none-eabi/12.3.1/thumb/v7e-m+dp/hard\libgcc.a(_udivmoddi4.o)

.debug_line_str
                0x00000000       0x55
 .debug_line_str
                0x00000000       0x55 ./Core/Startup/startup_stm32f767zitx.o
