../Core/Src/main.c:87:26:Safe_Flash_Write	48	static
../Core/Src/main.c:120:5:main	80	static
../Core/Src/main.c:276:6:SystemClock_Config	88	static
../Core/Src/main.c:323:13:MX_CRC_Init	8	static
../Core/Src/main.c:354:13:MX_SPI2_Init	8	static
../Core/Src/main.c:391:13:MX_DMA_Init	16	static
../Core/Src/main.c:410:13:MX_GPIO_Init	48	static
../Core/Src/main.c:464:6:HAL_GPIO_EXTI_Callback	24	static
../Core/Src/main.c:484:6:HAL_SPI_RxCpltCallback	24	static
../Core/Src/main.c:505:6:Error_Handler	4	static,ignoring_inline_asm
