11:32:55 **** Incremental Build of configuration Debug for project Slave ****
make -j16 all 
arm-none-eabi-gcc "../Core/Src/main.c" -mcpu=cortex-m4 -std=gnu11 -g3 -DDEBUG -DUSE_HAL_DRIVER -DSTM32G491xx -c -I../Core/Inc -I../Drivers/STM32G4xx_HAL_Driver/Inc -I../Drivers/STM32G4xx_HAL_Driver/Inc/Legacy -I../Drivers/CMSIS/Device/ST/STM32G4xx/Include -I../Drivers/CMSIS/Include -O0 -ffunction-sections -fdata-sections -Wall -fstack-usage -fcyclomatic-complexity -MMD -MP -MF"Core/Src/main.d" -MT"Core/Src/main.o" --specs=nano.specs -mfpu=fpv4-sp-d16 -mfloat-abi=hard -mthumb -o "Core/Src/main.o"
arm-none-eabi-gcc -o "Slave.elf" @"objects.list"   -mcpu=cortex-m4 -T"C:\Users\Mega-PC\Desktop\SPI New\Slave\STM32G491RETX_FLASH.ld" --specs=nosys.specs -Wl,-Map="Slave.map" -Wl,--gc-sections -static --specs=nano.specs -mfpu=fpv4-sp-d16 -mfloat-abi=hard -mthumb -Wl,--start-group -lc -lm -Wl,--end-group
Finished building target: Slave.elf
 
arm-none-eabi-size  Slave.elf 
arm-none-eabi-objdump -h -S Slave.elf  > "Slave.list"
   text	   data	    bss	    dec	    hex	filename
  16812	     52	   2868	  19732	   4d14	Slave.elf
Finished building: default.size.stdout
 
Finished building: Slave.list
 
11:33:01 **** Incremental Build of configuration Debug for project testM ****
make -j16 all 
arm-none-eabi-size  testM.elf 
   text	   data	    bss	    dec	    hex	filename
  24116	     48	   3320	  27484	   6b5c	testM.elf
Finished building: default.size.stdout
 
11:33:17 **** Incremental Build of configuration Debug for project Slave ****
make -j16 all 
arm-none-eabi-size  Slave.elf 
   text	   data	    bss	    dec	    hex	filename
  16812	     52	   2868	  19732	   4d14	Slave.elf
Finished building: default.size.stdout
 
11:44:29 **** Incremental Build of configuration Debug for project testM ****
make -j16 all 
arm-none-eabi-size  testM.elf 
   text	   data	    bss	    dec	    hex	filename
  24116	     48	   3320	  27484	   6b5c	testM.elf
Finished building: default.size.stdout
 
11:44:44 **** Incremental Build of configuration Debug for project Slave ****
make -j16 all 
arm-none-eabi-gcc "../Core/Src/main.c" -mcpu=cortex-m4 -std=gnu11 -g3 -DDEBUG -DUSE_HAL_DRIVER -DSTM32G491xx -c -I../Core/Inc -I../Drivers/STM32G4xx_HAL_Driver/Inc -I../Drivers/STM32G4xx_HAL_Driver/Inc/Legacy -I../Drivers/CMSIS/Device/ST/STM32G4xx/Include -I../Drivers/CMSIS/Include -O0 -ffunction-sections -fdata-sections -Wall -fstack-usage -fcyclomatic-complexity -MMD -MP -MF"Core/Src/main.d" -MT"Core/Src/main.o" --specs=nano.specs -mfpu=fpv4-sp-d16 -mfloat-abi=hard -mthumb -o "Core/Src/main.o"
arm-none-eabi-gcc -o "Slave.elf" @"objects.list"   -mcpu=cortex-m4 -T"C:\Users\Mega-PC\Desktop\SPI New\Slave\STM32G491RETX_FLASH.ld" --specs=nosys.specs -Wl,-Map="Slave.map" -Wl,--gc-sections -static --specs=nano.specs -mfpu=fpv4-sp-d16 -mfloat-abi=hard -mthumb -Wl,--start-group -lc -lm -Wl,--end-group
Finished building target: Slave.elf
 
arm-none-eabi-size  Slave.elf 
arm-none-eabi-objdump -h -S Slave.elf  > "Slave.list"
   text	   data	    bss	    dec	    hex	filename
  16812	     52	   2868	  19732	   4d14	Slave.elf
Finished building: default.size.stdout
 
Finished building: Slave.list
 
13:12:57 **** Incremental Build of configuration Debug for project testM ****
make -j16 all 
arm-none-eabi-size  testM.elf 
   text	   data	    bss	    dec	    hex	filename
  24116	     48	   3320	  27484	   6b5c	testM.elf
Finished building: default.size.stdout
 
13:13:14 **** Incremental Build of configuration Debug for project Slave ****
make -j16 all 
arm-none-eabi-size  Slave.elf 
   text	   data	    bss	    dec	    hex	filename
  16812	     52	   2868	  19732	   4d14	Slave.elf
Finished building: default.size.stdout
 
