10:48:53 **** Incremental Build of configuration Debug for project New Slave ****
make -j16 all 
arm-none-eabi-gcc "../Core/Src/main.c" -mcpu=cortex-m4 -std=gnu11 -g3 -DDEBUG -DUSE_HAL_DRIVER -DSTM32G474xx -c -I../Core/Inc -I../Drivers/STM32G4xx_HAL_Driver/Inc -I../Drivers/STM32G4xx_HAL_Driver/Inc/Legacy -I../Drivers/CMSIS/Device/ST/STM32G4xx/Include -I../Drivers/CMSIS/Include -O0 -ffunction-sections -fdata-sections -Wall -fstack-usage -fcyclomatic-complexity -MMD -MP -MF"Core/Src/main.d" -MT"Core/Src/main.o" --specs=nano.specs -mfpu=fpv4-sp-d16 -mfloat-abi=hard -mthumb -o "Core/Src/main.o"
arm-none-eabi-gcc -o "New Slave.elf" @"objects.list"   -mcpu=cortex-m4 -T"C:\Users\Mega-PC\Desktop\SPI New\New Slave\STM32G474RETX_FLASH.ld" --specs=nosys.specs -Wl,-Map="New Slave.map" -Wl,--gc-sections -static --specs=nano.specs -mfpu=fpv4-sp-d16 -mfloat-abi=hard -mthumb -Wl,--start-group -lc -lm -Wl,--end-group
Finished building target: New Slave.elf
 
arm-none-eabi-size  New\ Slave.elf 
arm-none-eabi-objdump -h -S New\ Slave.elf  > "New Slave.list"
   text	   data	    bss	    dec	    hex	filename
   5996	     12	   1572	   7580	   1d9c	New Slave.elf
Finished building: default.size.stdout
 
Finished building: New Slave.list
 

10:48:54 Build Finished. 0 errors, 0 warnings. (took 663ms)

